[21:54:14] [INIT] KubeJS 2101.7.2-build.348; MC 2101 NeoForge
[21:54:14] [INIT] Loaded plugins:
[21:54:14] [INIT] - dev.latvian.mods.kubejs.plugin.builtin.BuiltinKubeJSPlugin
[21:54:14] [INIT] - dev.latvian.mods.kubejs.plugin.builtin.BuiltinKubeJSClientPlugin
[21:54:14] [INIT] - dev.latvian.mods.kubejs.integration.architectury.ArchitecturyIntegration
[21:54:14] [INIT] - com.falaut.kubejsnaturesaura.KubeJSNaturesAuraPlugin
[21:54:14] [INIT] - com.bobvarioa.kubejsarsnouveau.KubeJSArsNouveauPlugin
[21:54:14] [INIT] - com.bobvarioa.kubejsprojecte.kubejs.KubeJSProjectEPlugin
[21:54:14] [INIT] - com.chen1335.immersiveEngineeringJs.kubejs.ImmersiveEngineeringJsPlugin
[21:54:14] [INIT] - com.miiickey.kubejei.kubejs.plugin.KubeJEIPlugin
[21:54:14] [INIT] - com.bobvarioa.kubejspowah.KubeJSPowahPlugin
[21:54:14] [INIT] - dev.ftb.mods.ftbxmodcompat.neoforge.ftbquests.kubejs.FTBQuestsKubeJSPlugin
[21:54:14] [INIT] - dev.ftb.mods.ftbxmodcompat.neoforge.ftbchunks.kubejs.FTBChunksKubeJSPlugin
[21:54:14] [INIT] - dev.ftb.mods.ftbxmodcompat.neoforge.ftbteams.kubejs.FTBTeamsKubeJSPlugin
[21:54:14] [INIT] - com.almostreliable.kubeoritech.KubePlugin
[21:54:14] [INIT] - dev.latvian.mods.kubejs.create.KubeJSCreatePlugin
[21:54:14] [INIT] - dev.latvian.mods.kubejs.mekanism.MekanismKubeJSPlugin
[21:54:14] [INIT] - com.rollylindenshnizzer.appliedkjs.AppliedKJSPlugin
[21:54:14] [INIT] - com.glodblock.github.extendedae.xmod.kjs.KJSPlugin
[21:54:14] [INIT] - aztech.modern_industrialization.compat.kubejs.MIKubeJSPlugin
[21:54:14] [INIT] - com.almostreliable.kubeio.KubePlugin
[21:54:14] [INIT] - com.klikli_dev.occultism_kubejs.KubeJSOccultismPlugin
[21:54:14] [INFO] Loaded script server_scripts:kjsigrm/vanilla_shaped.js in 0.001 s
[21:54:14] [INFO] server_scripts:main.js#2: Hello, World! (Loaded server example script)
[21:54:14] [INFO] Loaded script server_scripts:main.js in 0.001 s
[21:54:14] [INFO] Loaded 2/2 KubeJS server scripts in 0.014 s with 0 errors and 0 warnings
[21:54:16] [INFO] Processing recipes...
[21:54:16] [INFO] Initializing recipe event...
[21:54:16] [WARN] KubeRecipe.java#89: Failed to parse recipe 'createoritechcompat:crushing/biomass[create:crushing]'! Falling back to vanilla: Failed to read required component 'results: either<fluid_stack, create:processing_output>[]' - java.lang.IllegalStateException: Failed to parse either. First: No key amount in MapLike[{"count":1,"item":"oritech:biomass"}]; No key id in MapLike[{"count":1,"item":"oritech:biomass"}]; Second: No key id in MapLike[{"count":1,"item":"oritech:biomass"}]
[21:54:16] [WARN] KubeRecipe.java#89: Failed to parse recipe 'createoritechcompat:crushing/biomass_from_packed_wheat[create:crushing]'! Falling back to vanilla: Failed to read required component 'results: either<fluid_stack, create:processing_output>[]' - java.lang.IllegalStateException: Failed to parse either. First: No key amount in MapLike[{"count":16,"item":"oritech:biomass"}]; No key id in MapLike[{"count":16,"item":"oritech:biomass"}]; Second: No key id in MapLike[{"count":16,"item":"oritech:biomass"}]
[21:54:16] [WARN] KubeRecipe.java#89: Failed to parse recipe 'createoritechcompat:splashing/crushed_raw_planitnum[create:splashing]'! Falling back to vanilla: Failed to read required component 'results: either<fluid_stack, create:processing_output>[]' - java.lang.IllegalStateException: Failed to parse either. First: No key amount in MapLike[{"chance":0.1,"item":"oritech:fluxite"}]; No key id in MapLike[{"chance":0.1,"item":"oritech:fluxite"}]; Second: No key id in MapLike[{"chance":0.1,"item":"oritech:fluxite"}]; Failed to parse either. First: No key amount in MapLike[{"count":9,"item":"modern_industrialization:platinum_nugget"}]; No key id in MapLike[{"count":9,"item":"modern_industrialization:platinum_nugget"}]; Second: No key id in MapLike[{"count":9,"item":"modern_industrialization:platinum_nugget"}]
[21:54:16] [WARN] KubeRecipe.java#89: Failed to parse recipe 'createoritechcompat:mixing/biosteel_ingot[create:mixing]'! Falling back to vanilla: Failed to read required component 'results: either<fluid_stack, create:processing_output>[]' - java.lang.IllegalStateException: Failed to parse either. First: No key amount in MapLike[{"item":"immersiveengineering:ingot_steel"}]; No key id in MapLike[{"item":"immersiveengineering:ingot_steel"}]; Second: No key id in MapLike[{"item":"immersiveengineering:ingot_steel"}]
[21:54:16] [WARN] KubeRecipe.java#89: Failed to parse recipe 'createoritechcompat:crushing/uranium_crystal[create:crushing]'! Falling back to vanilla: Failed to read required component 'results: either<fluid_stack, create:processing_output>[]' - java.lang.IllegalStateException: Failed to parse either. First: No key amount in MapLike[{"chance":0.1,"item":"oritech:small_plutonium_dust"}]; No key id in MapLike[{"chance":0.1,"item":"oritech:small_plutonium_dust"}]; Second: No key id in MapLike[{"chance":0.1,"item":"oritech:small_plutonium_dust"}]; Failed to parse either. First: No key amount in MapLike[{"count":5,"item":"create:crushed_raw_uranium"}]; No key id in MapLike[{"count":5,"item":"create:crushed_raw_uranium"}]; Second: No key id in MapLike[{"count":5,"item":"create:crushed_raw_uranium"}]
[21:54:16] [WARN] KubeRecipe.java#89: Failed to parse recipe 'createoritechcompat:crushing/biomass_from_hay_block[create:crushing]'! Falling back to vanilla: Failed to read required component 'results: either<fluid_stack, create:processing_output>[]' - java.lang.IllegalStateException: Failed to parse either. First: No key amount in MapLike[{"count":16,"item":"oritech:biomass"}]; No key id in MapLike[{"count":16,"item":"oritech:biomass"}]; Second: No key id in MapLike[{"count":16,"item":"oritech:biomass"}]
[21:54:16] [WARN] KubeRecipe.java#89: Failed to parse recipe 'oritech:mixing/compat/create/turbofuel[create:mixing]'! Falling back to vanilla: Failed to read required component 'ingredients: either<create:sized_fluid_ingredient, ingredient>[]' - java.lang.IllegalStateException: Failed to parse either. First: Unknown registry key in ResourceKey[minecraft:root / neoforge:fluid_ingredient_type]: minecraft:fluid_stack; Unknown registry key in ResourceKey[minecraft:root / neoforge:fluid_ingredient_type]: minecraft:fluid_stack; Second: Failed to parse either. First: Not a json array: {"type":"fluid_stack","amount":1000,"fluid":"oritech:still_oil"}; Second: Unknown registry key in ResourceKey[minecraft:root / neoforge:ingredient_serializer]: minecraft:fluid_stack
[21:54:16] [WARN] KubeRecipe.java#89: Failed to parse recipe 'createoritechcompat:mixing/steel_ingot[create:mixing]'! Falling back to vanilla: Failed to read required component 'results: either<fluid_stack, create:processing_output>[]' - java.lang.IllegalStateException: Failed to parse either. First: No key amount in MapLike[{"item":"immersiveengineering:ingot_steel"}]; No key id in MapLike[{"item":"immersiveengineering:ingot_steel"}]; Second: No key id in MapLike[{"item":"immersiveengineering:ingot_steel"}]
[21:54:16] [WARN] KubeRecipe.java#89: Failed to parse recipe 'occultengineering:crafting/empty_fan_catalyst[minecraft:crafting_shapeless]'! Falling back to vanilla: Failed to read required component 'result: item_stack' - java.lang.IllegalStateException: Unknown registry key in ResourceKey[minecraft:root / minecraft:item]: create_connected:empty_fan_catalyst
[21:54:16] [WARN] KubeRecipe.java#89: Failed to parse recipe 'createoritechcompat:splashing/crushed_raw_nickel[create:splashing]'! Falling back to vanilla: Failed to read required component 'results: either<fluid_stack, create:processing_output>[]' - java.lang.IllegalStateException: Failed to parse either. First: No key amount in MapLike[{"chance":0.1,"item":"oritech:small_platinum_dust"}]; No key id in MapLike[{"chance":0.1,"item":"oritech:small_platinum_dust"}]; Second: No key id in MapLike[{"chance":0.1,"item":"oritech:small_platinum_dust"}]; Failed to parse either. First: No key amount in MapLike[{"count":9,"item":"immersiveengineering:nugget_nickel"}]; No key id in MapLike[{"count":9,"item":"immersiveengineering:nugget_nickel"}]; Second: No key id in MapLike[{"count":9,"item":"immersiveengineering:nugget_nickel"}]
[21:54:16] [WARN] KubeRecipe.java#89: Failed to parse recipe 'createoritechcompat:mixing/adamant_ingot[create:mixing]'! Falling back to vanilla: Failed to read required component 'results: either<fluid_stack, create:processing_output>[]' - java.lang.IllegalStateException: Failed to parse either. First: No key amount in MapLike[{"item":"oritech:adamant_ingot"}]; No key id in MapLike[{"item":"oritech:adamant_ingot"}]; Second: No key id in MapLike[{"item":"oritech:adamant_ingot"}]
[21:54:16] [WARN] RecipeComponentValue.java#102: Failed to parse recipe 'ironfurnaces:upgrades/upgrade_vibranium[minecraft:crafting_shaped]'! Falling back to vanilla: Invalid component key: pattern<optional_ingredient> - Component 'pattern<optional_ingredient>' is not allowed to be empty!
[21:54:16] [WARN] KubeRecipe.java#89: Failed to parse recipe 'ars_nouveau:tomes/shoob_tome[ars_nouveau:caster_tome]'! Falling back to vanilla: Failed to read required component 'name: string' - java.lang.IllegalStateException: Expected non-empty string
[21:54:16] [WARN] KubeRecipe.java#89: Failed to parse recipe 'createoritechcompat:mixing/electrum_ingot[create:mixing]'! Falling back to vanilla: Failed to read required component 'results: either<fluid_stack, create:processing_output>[]' - java.lang.IllegalStateException: Failed to parse either. First: No key amount in MapLike[{"item":"immersiveengineering:ingot_electrum"}]; No key id in MapLike[{"item":"immersiveengineering:ingot_electrum"}]; Second: No key id in MapLike[{"item":"immersiveengineering:ingot_electrum"}]
[21:54:16] [WARN] KubeRecipe.java#89: Failed to parse recipe 'createoritechcompat:mixing/dirt[create:mixing]'! Falling back to vanilla: Failed to read required component 'results: either<fluid_stack, create:processing_output>[]' - java.lang.IllegalStateException: Failed to parse either. First: No key amount in MapLike[{"item":"minecraft:dirt"}]; No key id in MapLike[{"item":"minecraft:dirt"}]; Second: No key id in MapLike[{"item":"minecraft:dirt"}]
[21:54:16] [WARN] KubeRecipe.java#89: Failed to parse recipe 'createoritechcompat:mixing/duratium_ingot[create:mixing]'! Falling back to vanilla: Failed to read required component 'results: either<fluid_stack, create:processing_output>[]' - java.lang.IllegalStateException: Failed to parse either. First: No key amount in MapLike[{"item":"oritech:duratium_ingot"}]; No key id in MapLike[{"item":"oritech:duratium_ingot"}]; Second: No key id in MapLike[{"item":"oritech:duratium_ingot"}]
[21:54:16] [WARN] KubeRecipe.java#89: Failed to parse recipe 'createoritechcompat:splashing/crushed_raw_uranium[create:splashing]'! Falling back to vanilla: Failed to read required component 'results: either<fluid_stack, create:processing_output>[]' - java.lang.IllegalStateException: Failed to parse either. First: No key amount in MapLike[{"chance":0.1,"item":"oritech:small_plutonium_dust"}]; No key id in MapLike[{"chance":0.1,"item":"oritech:small_plutonium_dust"}]; Second: No key id in MapLike[{"chance":0.1,"item":"oritech:small_plutonium_dust"}]; Failed to parse either. First: No key amount in MapLike[{"count":1,"item":"immersiveengineering:raw_uranium"}]; No key id in MapLike[{"count":1,"item":"immersiveengineering:raw_uranium"}]; Second: No key id in MapLike[{"count":1,"item":"immersiveengineering:raw_uranium"}]
[21:54:16] [WARN] RecipeComponentValue.java#102: Failed to parse recipe 'ironfurnaces:upgrades/upgrade_unobtainium[minecraft:crafting_shaped]'! Falling back to vanilla: Invalid component key: pattern<optional_ingredient> - Component 'pattern<optional_ingredient>' is not allowed to be empty!
[21:54:16] [WARN] KubeRecipe.java#89: Failed to parse recipe 'createoritechcompat:mixing/energite_ingot[create:mixing]'! Falling back to vanilla: Failed to read required component 'results: either<fluid_stack, create:processing_output>[]' - java.lang.IllegalStateException: Failed to parse either. First: No key amount in MapLike[{"item":"oritech:energite_ingot"}]; No key id in MapLike[{"item":"oritech:energite_ingot"}]; Second: No key id in MapLike[{"item":"oritech:energite_ingot"}]
[21:54:16] [INFO] Found 24,951 recipes (skipped 2,768) in 439.6 ms
[21:54:17] [INFO] Posted recipe events in 139 ms
[21:54:17] [INFO] KubeJS modifications to recipe manager finished in 12.25 ms
[21:54:17] [INFO] Added 4 recipes, removed 2 recipes, modified 21 recipes, with 0 failed recipes taking 833 ms in total
[21:54:18] [INFO] Server resource reload complete!
