[21:35:58.485] [INFO]: Loading config 'startup.json'.
[21:36:02.707] [INFO]: Loaded plugins: almostunified:neoforge, almostunified:common, extended_industrialization:almost_unified, industrialization_overdrive:almost_unified, modern_industrialization:almost_unified
[21:36:16.184] [WARN]: Reload detected. Reconstructing runtime.
[21:36:16.185] [INFO]: Loading config 'debug.json'.
[21:36:16.186] [INFO]: Loading config 'placeholders.json'.
[21:36:16.187] [INFO]: Loading config 'tags.json'.
[21:36:16.212] [INFO]: [AutoHiding] Hiding 1/2 items for tag '#c:plates/silver' -> [modern_industrialization:silver_plate]
[21:36:16.212] [INFO]: [AutoHiding] Hiding 2/3 items for tag '#c:storage_blocks/electrum' -> [modern_industrialization:electrum_block, oritech:electrum_block]
[21:36:16.212] [INFO]: [AutoHiding] Hiding 2/3 items for tag '#c:dusts/electrum' -> [oritech:electrum_dust, modern_industrialization:electrum_dust]
[21:36:16.212] [INFO]: [AutoHiding] Hiding 4/5 items for tag '#c:storage_blocks/raw_uranium' -> [mekanism:block_raw_uranium, modern_industrialization:raw_uranium_block, oritech:raw_uranium_block, bigreactors:raw_yellorium_block]
[21:36:16.213] [INFO]: [AutoHiding] Hiding 2/4 items for tag '#c:ores/tin' -> [mekanism:tin_ore, mekanism:deepslate_tin_ore]
[21:36:16.213] [INFO]: [AutoHiding] Hiding 2/3 items for tag '#c:raw_materials/silver' -> [occultism:raw_silver, modern_industrialization:raw_silver]
[21:36:16.213] [INFO]: [AutoHiding] Hiding 1/2 items for tag '#c:dusts/bronze' -> [mekanism:dust_bronze]
[21:36:16.213] [INFO]: [AutoHiding] Hiding 5/6 items for tag '#c:dusts/copper' -> [enderio:powdered_copper, mekanism:dust_copper, modern_industrialization:copper_dust, oritech:copper_dust, occultism:copper_dust]
[21:36:16.213] [INFO]: [AutoHiding] Hiding 1/2 items for tag '#c:rods/iron' -> [modern_industrialization:iron_rod]
[21:36:16.213] [INFO]: [AutoHiding] Hiding 7/9 items for tag '#c:ores/uranium' -> [bigreactors:deepslate_yellorite_ore, modern_industrialization:deepslate_uranium_ore, bigreactors:yellorite_ore, mekanism:deepslate_uranium_ore, mekanism:uranium_ore, modern_industrialization:uranium_ore, oritech:deepslate_uranium_ore]
[21:36:16.213] [INFO]: [AutoHiding] Hiding 2/3 items for tag '#c:storage_blocks/raw_silver' -> [modern_industrialization:raw_silver_block, occultism:raw_silver_block]
[21:36:16.214] [INFO]: [AutoHiding] Hiding 2/3 items for tag '#c:storage_blocks/aluminum' -> [xycraft_world:aluminum_storage, modern_industrialization:aluminum_block]
[21:36:16.214] [INFO]: [AutoHiding] Hiding 2/3 items for tag '#c:nuggets/steel' -> [mekanism:nugget_steel, modern_industrialization:steel_nugget]
[21:36:16.214] [INFO]: [AutoHiding] Hiding 1/2 items for tag '#c:raw_materials/platinum' -> [oritech:raw_platinum]
[21:36:16.214] [INFO]: [AutoHiding] Hiding 2/3 items for tag '#c:ingots/nickel' -> [modern_industrialization:nickel_ingot, oritech:nickel_ingot]
[21:36:16.214] [INFO]: [AutoHiding] Hiding 3/4 items for tag '#c:dusts/uranium' -> [oritech:uranium_dust, modern_industrialization:uranium_dust, mekanism:dust_uranium]
[21:36:16.214] [INFO]: [AutoHiding] Hiding 1/2 items for tag '#c:nuggets/platinum' -> [oritech:platinum_nugget]
[21:36:16.214] [INFO]: [AutoHiding] Hiding 1/2 items for tag '#c:rods/aluminum' -> [modern_industrialization:aluminum_rod]
[21:36:16.214] [INFO]: [AutoHiding] Hiding 1/2 items for tag '#c:storage_blocks/bronze' -> [mekanism:block_bronze]
[21:36:16.214] [INFO]: [AutoHiding] Hiding 2/4 items for tag '#c:ores/silver' -> [occultism:silver_ore, occultism:silver_ore_deepslate]
[21:36:16.214] [INFO]: [AutoHiding] Hiding 4/6 items for tag '#c:ores/lead' -> [modern_industrialization:deepslate_lead_ore, mekanism:lead_ore, modern_industrialization:lead_ore, mekanism:deepslate_lead_ore]
[21:36:16.214] [INFO]: [AutoHiding] Hiding 1/2 items for tag '#c:storage_blocks/tin' -> [mekanism:block_tin]
[21:36:16.214] [INFO]: [AutoHiding] Hiding 1/2 items for tag '#c:nuggets/electrum' -> [modern_industrialization:electrum_nugget]
[21:36:16.214] [INFO]: [AutoHiding] Hiding 1/2 items for tag '#c:ingots/platinum' -> [oritech:platinum_ingot]
[21:36:16.215] [INFO]: [AutoHiding] Hiding 1/2 items for tag '#c:plates/electrum' -> [modern_industrialization:electrum_plate]
[21:36:16.215] [INFO]: [AutoHiding] Hiding 1/2 items for tag '#c:storage_blocks/raw_aluminum' -> [xycraft_world:raw_aluminum_block]
[21:36:16.215] [INFO]: [AutoHiding] Hiding 2/3 items for tag '#c:plates/aluminum' -> [xycraft_machines:aluminum_sheet, modern_industrialization:aluminum_plate]
[21:36:16.215] [INFO]: [AutoHiding] Hiding 1/2 items for tag '#c:ingots/tin' -> [mekanism:ingot_tin]
[21:36:16.215] [INFO]: [AutoHiding] Hiding 2/3 items for tag '#c:storage_blocks/lead' -> [modern_industrialization:lead_block, mekanism:block_lead]
[21:36:16.215] [INFO]: [AutoHiding] Hiding 5/6 items for tag '#c:nuggets/copper' -> [oritech:copper_nugget, create:copper_nugget, xycraft_machines:copper_nugget, modern_industrialization:copper_nugget, pneumaticcraft:copper_nugget]
[21:36:16.215] [INFO]: [AutoHiding] Hiding 2/3 items for tag '#c:storage_blocks/nickel' -> [modern_industrialization:nickel_block, oritech:nickel_block]
[21:36:16.215] [INFO]: [AutoHiding] Hiding 1/2 items for tag '#c:raw_materials/tin' -> [mekanism:raw_tin]
[21:36:16.215] [INFO]: [AutoHiding] Hiding 2/3 items for tag '#c:ingots/aluminum' -> [modern_industrialization:aluminum_ingot, xycraft_world:aluminum_ingot]
[21:36:16.215] [INFO]: [AutoHiding] Hiding 1/2 items for tag '#c:plates/lead' -> [modern_industrialization:lead_plate]
[21:36:16.215] [INFO]: [AutoHiding] Hiding 4/5 items for tag '#c:raw_materials/uranium' -> [oritech:raw_uranium, modern_industrialization:raw_uranium, bigreactors:raw_yellorium, mekanism:raw_uranium]
[21:36:16.215] [INFO]: [AutoHiding] Hiding 1/2 items for tag '#c:raw_materials/aluminum' -> [xycraft_world:raw_aluminum]
[21:36:16.216] [INFO]: [AutoHiding] Hiding 3/4 items for tag '#c:dusts/emerald' -> [mekanism:dust_emerald, occultism:emerald_dust, appflux:emerald_dust]
[21:36:16.216] [INFO]: [AutoHiding] Hiding 2/3 items for tag '#c:dusts/nickel' -> [oritech:nickel_dust, modern_industrialization:nickel_dust]
[21:36:16.216] [INFO]: [AutoHiding] Hiding 5/6 items for tag '#c:dusts/gold' -> [mekanism:dust_gold, occultism:gold_dust, enderio:powdered_gold, modern_industrialization:gold_dust, oritech:gold_dust]
[21:36:16.216] [INFO]: [AutoHiding] Hiding 1/2 items for tag '#c:nuggets/tin' -> [mekanism:nugget_tin]
[21:36:16.216] [INFO]: [AutoHiding] Hiding 2/3 items for tag '#c:dusts/aluminum' -> [xycraft_machines:aluminum_dust, modern_industrialization:aluminum_dust]
[21:36:16.216] [INFO]: [AutoHiding] Hiding 3/4 items for tag '#c:ingots/uranium' -> [modern_industrialization:uranium_ingot, bigreactors:yellorium_ingot, mekanism:ingot_uranium]
[21:36:16.216] [INFO]: [AutoHiding] Hiding 3/4 items for tag '#c:dusts/steel' -> [mekanism:dust_steel, oritech:steel_dust, modern_industrialization:steel_dust]
[21:36:16.216] [INFO]: [AutoHiding] Hiding 1/2 items for tag '#c:gears/gold' -> [industrialforegoing:gold_gear]
[21:36:16.216] [INFO]: [AutoHiding] Hiding 3/4 items for tag '#c:plates/copper' -> [modern_industrialization:copper_plate, create:copper_sheet, xycraft_machines:copper_sheet]
[21:36:16.216] [INFO]: [AutoHiding] Hiding 4/6 items for tag '#c:ores/nickel' -> [oritech:deepslate_nickel_ore, modern_industrialization:deepslate_nickel_ore, modern_industrialization:nickel_ore, oritech:nickel_ore]
[21:36:16.216] [INFO]: [AutoHiding] Hiding 3/5 items for tag '#c:ores/aluminum' -> [xycraft_world:aluminum_ore_stone, xycraft_world:aluminum_ore_deepslate, xycraft_world:aluminum_ore_kivi]
[21:36:16.217] [INFO]: [AutoHiding] Hiding 2/3 items for tag '#c:nuggets/nickel' -> [modern_industrialization:nickel_nugget, oritech:nickel_nugget]
[21:36:16.217] [INFO]: [AutoHiding] Hiding 2/3 items for tag '#c:storage_blocks/raw_nickel' -> [oritech:raw_nickel_block, modern_industrialization:raw_nickel_block]
[21:36:16.217] [INFO]: [AutoHiding] Hiding 1/2 items for tag '#c:storage_blocks/raw_tin' -> [mekanism:block_raw_tin]
[21:36:16.217] [INFO]: [AutoHiding] Hiding 1/2 items for tag '#c:plates/steel' -> [modern_industrialization:steel_plate]
[21:36:16.217] [INFO]: [AutoHiding] Hiding 2/3 items for tag '#c:dusts/silver' -> [modern_industrialization:silver_dust, occultism:silver_dust]
[21:36:16.217] [INFO]: [AutoHiding] Hiding 2/3 items for tag '#c:ingots/lead' -> [mekanism:ingot_lead, modern_industrialization:lead_ingot]
[21:36:16.217] [INFO]: [AutoHiding] Hiding 3/4 items for tag '#c:plates/iron' -> [modern_industrialization:iron_plate, xycraft_machines:iron_sheet, create:iron_sheet]
[21:36:16.217] [INFO]: [AutoHiding] Hiding 2/3 items for tag '#c:dusts/diamond' -> [appflux:diamond_dust, mekanism:dust_diamond]
[21:36:16.217] [INFO]: [AutoHiding] Hiding 2/3 items for tag '#c:raw_materials/nickel' -> [modern_industrialization:raw_nickel, oritech:raw_nickel]
[21:36:16.217] [INFO]: [AutoHiding] Hiding 5/6 items for tag '#c:dusts/iron' -> [mekanism:dust_iron, modern_industrialization:iron_dust, occultism:iron_dust, enderio:powdered_iron, oritech:iron_dust]
[21:36:16.217] [INFO]: [AutoHiding] Hiding 1/2 items for tag '#c:plates/nickel' -> [modern_industrialization:nickel_plate]
[21:36:16.217] [INFO]: [AutoHiding] Hiding 1/2 items for tag '#c:storage_blocks/platinum' -> [oritech:platinum_block]
[21:36:16.217] [INFO]: [AutoHiding] Hiding 1/2 items for tag '#c:dusts/platinum' -> [oritech:platinum_dust]
[21:36:16.217] [INFO]: [AutoHiding] Hiding 2/3 items for tag '#c:gears/iron' -> [industrialforegoing:iron_gear, enderio:iron_gear]
[21:36:16.217] [INFO]: [AutoHiding] Hiding 2/3 items for tag '#c:storage_blocks/silver' -> [occultism:silver_block, modern_industrialization:silver_block]
[21:36:16.217] [INFO]: [AutoHiding] Hiding 2/3 items for tag '#c:storage_blocks/raw_lead' -> [mekanism:block_raw_lead, modern_industrialization:raw_lead_block]
[21:36:16.218] [INFO]: [AutoHiding] Hiding 4/5 items for tag '#c:ingots/steel' -> [mekanism:ingot_steel, modern_industrialization:steel_ingot, oritech:biosteel_ingot, oritech:steel_ingot]
[21:36:16.218] [INFO]: [AutoHiding] Hiding 1/2 items for tag '#c:ingots/bronze' -> [mekanism:ingot_bronze]
[21:36:16.218] [INFO]: [AutoHiding] Hiding 2/3 items for tag '#c:ingots/silver' -> [modern_industrialization:silver_ingot, occultism:silver_ingot]
[21:36:16.218] [INFO]: [AutoHiding] Hiding 2/3 items for tag '#c:nuggets/aluminum' -> [modern_industrialization:aluminum_nugget, xycraft_world:aluminum_nugget]
[21:36:16.218] [INFO]: [AutoHiding] Hiding 2/3 items for tag '#c:storage_blocks/uranium' -> [mekanism:block_uranium, modern_industrialization:uranium_block]
[21:36:16.218] [INFO]: [AutoHiding] Hiding 2/3 items for tag '#c:ingots/electrum' -> [modern_industrialization:electrum_ingot, oritech:electrum_ingot]
[21:36:16.218] [INFO]: [AutoHiding] Hiding 3/4 items for tag '#c:dusts/lapis' -> [mekanism:dust_lapis_lazuli, enderio:powdered_lapis_lazuli, occultism:lapis_dust]
[21:36:16.218] [INFO]: [AutoHiding] Hiding 3/4 items for tag '#c:storage_blocks/steel' -> [modern_industrialization:steel_block, oritech:steel_block, mekanism:block_steel]
[21:36:16.218] [INFO]: [AutoHiding] Hiding 1/2 items for tag '#c:storage_blocks/raw_platinum' -> [oritech:raw_platinum_block]
[21:36:16.218] [INFO]: [AutoHiding] Hiding 1/2 items for tag '#c:nuggets/bronze' -> [mekanism:nugget_bronze]
[21:36:16.218] [INFO]: [AutoHiding] Hiding 2/3 items for tag '#c:nuggets/lead' -> [modern_industrialization:lead_nugget, mekanism:nugget_lead]
[21:36:16.218] [INFO]: [AutoHiding] Hiding 2/3 items for tag '#c:nuggets/silver' -> [occultism:silver_nugget, modern_industrialization:silver_nugget]
[21:36:16.218] [INFO]: [AutoHiding] Hiding 3/4 items for tag '#c:plates/gold' -> [create:golden_sheet, xycraft_machines:gold_sheet, modern_industrialization:gold_plate]
[21:36:16.218] [INFO]: [AutoHiding] Hiding 2/3 items for tag '#c:raw_materials/lead' -> [mekanism:raw_lead, modern_industrialization:raw_lead]
[21:36:16.218] [INFO]: [AutoHiding] Hiding 2/3 items for tag '#c:dusts/sulfur' -> [modern_industrialization:sulfur_dust, mekanism:dust_sulfur]
[21:36:16.218] [INFO]: [AutoHiding] Hiding 2/3 items for tag '#c:nuggets/uranium' -> [mekanism:nugget_uranium, modern_industrialization:uranium_nugget]
[21:36:16.218] [INFO]: [AutoHiding] Hiding 2/3 items for tag '#c:dusts/tin' -> [mekanism:dust_tin, enderio:powdered_tin]
[21:36:16.218] [INFO]: [AutoHiding] Hiding 1/2 items for tag '#c:rods/steel' -> [modern_industrialization:steel_rod]
[21:36:16.219] [INFO]: [AutoHiding] Hiding 2/3 items for tag '#c:dusts/lead' -> [mekanism:dust_lead, modern_industrialization:lead_dust]
[21:36:16.586] [INFO]: Loading config 'duplicates.json'.
[21:36:16.588] [INFO]: Recipe count: 27913
[21:36:16.661] [INFO]: 25145 out of 27913 recipes were loaded for unification.
[21:36:17.067] [INFO]: Recipe count afterwards: 27673 (done in 478.9 ms)
[21:36:18.336] [ERROR]: The following recipes were unified and threw exceptions when being loaded: [createoritechcompat:mixing/steel_ingot, createoritechcompat:splashing/crushed_raw_nickel, createoritechcompat:mixing/biosteel_ingot, createoritechcompat:splashing/crushed_raw_uranium, createoritechcompat:mixing/electrum_ingot, createoritechcompat:splashing/crushed_raw_planitnum]
[21:36:18.336] [WARN]: Try to add them to the ignore list and if the problem is gone, report it to the Almost Unified developers.
[21:54:15.388] [WARN]: Reload detected. Reconstructing runtime.
[21:54:15.389] [INFO]: Loading config 'debug.json'.
[21:54:15.389] [INFO]: Loading config 'placeholders.json'.
[21:54:15.390] [INFO]: Loading config 'tags.json'.
[21:54:15.395] [INFO]: [AutoHiding] Hiding 1/2 items for tag '#c:plates/silver' -> [modern_industrialization:silver_plate]
[21:54:15.395] [INFO]: [AutoHiding] Hiding 2/3 items for tag '#c:storage_blocks/electrum' -> [modern_industrialization:electrum_block, oritech:electrum_block]
[21:54:15.395] [INFO]: [AutoHiding] Hiding 2/3 items for tag '#c:dusts/electrum' -> [oritech:electrum_dust, modern_industrialization:electrum_dust]
[21:54:15.395] [INFO]: [AutoHiding] Hiding 4/5 items for tag '#c:storage_blocks/raw_uranium' -> [mekanism:block_raw_uranium, modern_industrialization:raw_uranium_block, oritech:raw_uranium_block, bigreactors:raw_yellorium_block]
[21:54:15.396] [INFO]: [AutoHiding] Hiding 2/4 items for tag '#c:ores/tin' -> [mekanism:tin_ore, mekanism:deepslate_tin_ore]
[21:54:15.396] [INFO]: [AutoHiding] Hiding 2/3 items for tag '#c:raw_materials/silver' -> [occultism:raw_silver, modern_industrialization:raw_silver]
[21:54:15.396] [INFO]: [AutoHiding] Hiding 1/2 items for tag '#c:dusts/bronze' -> [mekanism:dust_bronze]
[21:54:15.396] [INFO]: [AutoHiding] Hiding 5/6 items for tag '#c:dusts/copper' -> [enderio:powdered_copper, mekanism:dust_copper, modern_industrialization:copper_dust, oritech:copper_dust, occultism:copper_dust]
[21:54:15.396] [INFO]: [AutoHiding] Hiding 1/2 items for tag '#c:rods/iron' -> [modern_industrialization:iron_rod]
[21:54:15.396] [INFO]: [AutoHiding] Hiding 7/9 items for tag '#c:ores/uranium' -> [bigreactors:deepslate_yellorite_ore, modern_industrialization:deepslate_uranium_ore, bigreactors:yellorite_ore, mekanism:deepslate_uranium_ore, mekanism:uranium_ore, modern_industrialization:uranium_ore, oritech:deepslate_uranium_ore]
[21:54:15.396] [INFO]: [AutoHiding] Hiding 2/3 items for tag '#c:storage_blocks/raw_silver' -> [modern_industrialization:raw_silver_block, occultism:raw_silver_block]
[21:54:15.396] [INFO]: [AutoHiding] Hiding 2/3 items for tag '#c:storage_blocks/aluminum' -> [xycraft_world:aluminum_storage, modern_industrialization:aluminum_block]
[21:54:15.396] [INFO]: [AutoHiding] Hiding 2/3 items for tag '#c:nuggets/steel' -> [mekanism:nugget_steel, modern_industrialization:steel_nugget]
[21:54:15.397] [INFO]: [AutoHiding] Hiding 1/2 items for tag '#c:raw_materials/platinum' -> [oritech:raw_platinum]
[21:54:15.398] [INFO]: [AutoHiding] Hiding 2/3 items for tag '#c:ingots/nickel' -> [modern_industrialization:nickel_ingot, oritech:nickel_ingot]
[21:54:15.399] [INFO]: [AutoHiding] Hiding 3/4 items for tag '#c:dusts/uranium' -> [oritech:uranium_dust, modern_industrialization:uranium_dust, mekanism:dust_uranium]
[21:54:15.399] [INFO]: [AutoHiding] Hiding 1/2 items for tag '#c:nuggets/platinum' -> [oritech:platinum_nugget]
[21:54:15.399] [INFO]: [AutoHiding] Hiding 1/2 items for tag '#c:rods/aluminum' -> [modern_industrialization:aluminum_rod]
[21:54:15.399] [INFO]: [AutoHiding] Hiding 1/2 items for tag '#c:storage_blocks/bronze' -> [mekanism:block_bronze]
[21:54:15.399] [INFO]: [AutoHiding] Hiding 2/4 items for tag '#c:ores/silver' -> [occultism:silver_ore, occultism:silver_ore_deepslate]
[21:54:15.399] [INFO]: [AutoHiding] Hiding 4/6 items for tag '#c:ores/lead' -> [modern_industrialization:deepslate_lead_ore, mekanism:lead_ore, modern_industrialization:lead_ore, mekanism:deepslate_lead_ore]
[21:54:15.399] [INFO]: [AutoHiding] Hiding 1/2 items for tag '#c:storage_blocks/tin' -> [mekanism:block_tin]
[21:54:15.400] [INFO]: [AutoHiding] Hiding 1/2 items for tag '#c:nuggets/electrum' -> [modern_industrialization:electrum_nugget]
[21:54:15.400] [INFO]: [AutoHiding] Hiding 1/2 items for tag '#c:ingots/platinum' -> [oritech:platinum_ingot]
[21:54:15.400] [INFO]: [AutoHiding] Hiding 1/2 items for tag '#c:plates/electrum' -> [modern_industrialization:electrum_plate]
[21:54:15.400] [INFO]: [AutoHiding] Hiding 1/2 items for tag '#c:storage_blocks/raw_aluminum' -> [xycraft_world:raw_aluminum_block]
[21:54:15.400] [INFO]: [AutoHiding] Hiding 2/3 items for tag '#c:plates/aluminum' -> [xycraft_machines:aluminum_sheet, modern_industrialization:aluminum_plate]
[21:54:15.400] [INFO]: [AutoHiding] Hiding 1/2 items for tag '#c:ingots/tin' -> [mekanism:ingot_tin]
[21:54:15.400] [INFO]: [AutoHiding] Hiding 2/3 items for tag '#c:storage_blocks/lead' -> [modern_industrialization:lead_block, mekanism:block_lead]
[21:54:15.400] [INFO]: [AutoHiding] Hiding 5/6 items for tag '#c:nuggets/copper' -> [oritech:copper_nugget, create:copper_nugget, xycraft_machines:copper_nugget, modern_industrialization:copper_nugget, pneumaticcraft:copper_nugget]
[21:54:15.400] [INFO]: [AutoHiding] Hiding 2/3 items for tag '#c:storage_blocks/nickel' -> [modern_industrialization:nickel_block, oritech:nickel_block]
[21:54:15.400] [INFO]: [AutoHiding] Hiding 1/2 items for tag '#c:raw_materials/tin' -> [mekanism:raw_tin]
[21:54:15.400] [INFO]: [AutoHiding] Hiding 2/3 items for tag '#c:ingots/aluminum' -> [modern_industrialization:aluminum_ingot, xycraft_world:aluminum_ingot]
[21:54:15.400] [INFO]: [AutoHiding] Hiding 1/2 items for tag '#c:plates/lead' -> [modern_industrialization:lead_plate]
[21:54:15.400] [INFO]: [AutoHiding] Hiding 4/5 items for tag '#c:raw_materials/uranium' -> [oritech:raw_uranium, modern_industrialization:raw_uranium, bigreactors:raw_yellorium, mekanism:raw_uranium]
[21:54:15.400] [INFO]: [AutoHiding] Hiding 1/2 items for tag '#c:raw_materials/aluminum' -> [xycraft_world:raw_aluminum]
[21:54:15.401] [INFO]: [AutoHiding] Hiding 3/4 items for tag '#c:dusts/emerald' -> [mekanism:dust_emerald, occultism:emerald_dust, appflux:emerald_dust]
[21:54:15.401] [INFO]: [AutoHiding] Hiding 2/3 items for tag '#c:dusts/nickel' -> [oritech:nickel_dust, modern_industrialization:nickel_dust]
[21:54:15.401] [INFO]: [AutoHiding] Hiding 5/6 items for tag '#c:dusts/gold' -> [mekanism:dust_gold, occultism:gold_dust, enderio:powdered_gold, modern_industrialization:gold_dust, oritech:gold_dust]
[21:54:15.401] [INFO]: [AutoHiding] Hiding 1/2 items for tag '#c:nuggets/tin' -> [mekanism:nugget_tin]
[21:54:15.401] [INFO]: [AutoHiding] Hiding 2/3 items for tag '#c:dusts/aluminum' -> [xycraft_machines:aluminum_dust, modern_industrialization:aluminum_dust]
[21:54:15.401] [INFO]: [AutoHiding] Hiding 3/4 items for tag '#c:ingots/uranium' -> [modern_industrialization:uranium_ingot, bigreactors:yellorium_ingot, mekanism:ingot_uranium]
[21:54:15.401] [INFO]: [AutoHiding] Hiding 3/4 items for tag '#c:dusts/steel' -> [mekanism:dust_steel, oritech:steel_dust, modern_industrialization:steel_dust]
[21:54:15.401] [INFO]: [AutoHiding] Hiding 1/2 items for tag '#c:gears/gold' -> [industrialforegoing:gold_gear]
[21:54:15.401] [INFO]: [AutoHiding] Hiding 3/4 items for tag '#c:plates/copper' -> [modern_industrialization:copper_plate, create:copper_sheet, xycraft_machines:copper_sheet]
[21:54:15.401] [INFO]: [AutoHiding] Hiding 4/6 items for tag '#c:ores/nickel' -> [oritech:deepslate_nickel_ore, modern_industrialization:deepslate_nickel_ore, modern_industrialization:nickel_ore, oritech:nickel_ore]
[21:54:15.402] [INFO]: [AutoHiding] Hiding 3/5 items for tag '#c:ores/aluminum' -> [xycraft_world:aluminum_ore_stone, xycraft_world:aluminum_ore_deepslate, xycraft_world:aluminum_ore_kivi]
[21:54:15.402] [INFO]: [AutoHiding] Hiding 2/3 items for tag '#c:nuggets/nickel' -> [modern_industrialization:nickel_nugget, oritech:nickel_nugget]
[21:54:15.402] [INFO]: [AutoHiding] Hiding 2/3 items for tag '#c:storage_blocks/raw_nickel' -> [oritech:raw_nickel_block, modern_industrialization:raw_nickel_block]
[21:54:15.402] [INFO]: [AutoHiding] Hiding 1/2 items for tag '#c:storage_blocks/raw_tin' -> [mekanism:block_raw_tin]
[21:54:15.402] [INFO]: [AutoHiding] Hiding 1/2 items for tag '#c:plates/steel' -> [modern_industrialization:steel_plate]
[21:54:15.402] [INFO]: [AutoHiding] Hiding 2/3 items for tag '#c:dusts/silver' -> [modern_industrialization:silver_dust, occultism:silver_dust]
[21:54:15.402] [INFO]: [AutoHiding] Hiding 2/3 items for tag '#c:ingots/lead' -> [mekanism:ingot_lead, modern_industrialization:lead_ingot]
[21:54:15.402] [INFO]: [AutoHiding] Hiding 3/4 items for tag '#c:plates/iron' -> [modern_industrialization:iron_plate, xycraft_machines:iron_sheet, create:iron_sheet]
[21:54:15.402] [INFO]: [AutoHiding] Hiding 2/3 items for tag '#c:dusts/diamond' -> [appflux:diamond_dust, mekanism:dust_diamond]
[21:54:15.402] [INFO]: [AutoHiding] Hiding 2/3 items for tag '#c:raw_materials/nickel' -> [modern_industrialization:raw_nickel, oritech:raw_nickel]
[21:54:15.402] [INFO]: [AutoHiding] Hiding 5/6 items for tag '#c:dusts/iron' -> [mekanism:dust_iron, modern_industrialization:iron_dust, occultism:iron_dust, enderio:powdered_iron, oritech:iron_dust]
[21:54:15.402] [INFO]: [AutoHiding] Hiding 1/2 items for tag '#c:plates/nickel' -> [modern_industrialization:nickel_plate]
[21:54:15.402] [INFO]: [AutoHiding] Hiding 1/2 items for tag '#c:storage_blocks/platinum' -> [oritech:platinum_block]
[21:54:15.402] [INFO]: [AutoHiding] Hiding 1/2 items for tag '#c:dusts/platinum' -> [oritech:platinum_dust]
[21:54:15.402] [INFO]: [AutoHiding] Hiding 2/3 items for tag '#c:gears/iron' -> [industrialforegoing:iron_gear, enderio:iron_gear]
[21:54:15.403] [INFO]: [AutoHiding] Hiding 2/3 items for tag '#c:storage_blocks/silver' -> [occultism:silver_block, modern_industrialization:silver_block]
[21:54:15.403] [INFO]: [AutoHiding] Hiding 2/3 items for tag '#c:storage_blocks/raw_lead' -> [mekanism:block_raw_lead, modern_industrialization:raw_lead_block]
[21:54:15.403] [INFO]: [AutoHiding] Hiding 4/5 items for tag '#c:ingots/steel' -> [mekanism:ingot_steel, modern_industrialization:steel_ingot, oritech:biosteel_ingot, oritech:steel_ingot]
[21:54:15.403] [INFO]: [AutoHiding] Hiding 1/2 items for tag '#c:ingots/bronze' -> [mekanism:ingot_bronze]
[21:54:15.403] [INFO]: [AutoHiding] Hiding 2/3 items for tag '#c:ingots/silver' -> [modern_industrialization:silver_ingot, occultism:silver_ingot]
[21:54:15.403] [INFO]: [AutoHiding] Hiding 2/3 items for tag '#c:nuggets/aluminum' -> [modern_industrialization:aluminum_nugget, xycraft_world:aluminum_nugget]
[21:54:15.403] [INFO]: [AutoHiding] Hiding 2/3 items for tag '#c:storage_blocks/uranium' -> [mekanism:block_uranium, modern_industrialization:uranium_block]
[21:54:15.403] [INFO]: [AutoHiding] Hiding 2/3 items for tag '#c:ingots/electrum' -> [modern_industrialization:electrum_ingot, oritech:electrum_ingot]
[21:54:15.403] [INFO]: [AutoHiding] Hiding 3/4 items for tag '#c:dusts/lapis' -> [mekanism:dust_lapis_lazuli, enderio:powdered_lapis_lazuli, occultism:lapis_dust]
[21:54:15.403] [INFO]: [AutoHiding] Hiding 3/4 items for tag '#c:storage_blocks/steel' -> [modern_industrialization:steel_block, oritech:steel_block, mekanism:block_steel]
[21:54:15.403] [INFO]: [AutoHiding] Hiding 1/2 items for tag '#c:storage_blocks/raw_platinum' -> [oritech:raw_platinum_block]
[21:54:15.403] [INFO]: [AutoHiding] Hiding 1/2 items for tag '#c:nuggets/bronze' -> [mekanism:nugget_bronze]
[21:54:15.404] [INFO]: [AutoHiding] Hiding 2/3 items for tag '#c:nuggets/lead' -> [modern_industrialization:lead_nugget, mekanism:nugget_lead]
[21:54:15.404] [INFO]: [AutoHiding] Hiding 2/3 items for tag '#c:nuggets/silver' -> [occultism:silver_nugget, modern_industrialization:silver_nugget]
[21:54:15.404] [INFO]: [AutoHiding] Hiding 3/4 items for tag '#c:plates/gold' -> [create:golden_sheet, xycraft_machines:gold_sheet, modern_industrialization:gold_plate]
[21:54:15.404] [INFO]: [AutoHiding] Hiding 2/3 items for tag '#c:raw_materials/lead' -> [mekanism:raw_lead, modern_industrialization:raw_lead]
[21:54:15.404] [INFO]: [AutoHiding] Hiding 2/3 items for tag '#c:dusts/sulfur' -> [modern_industrialization:sulfur_dust, mekanism:dust_sulfur]
[21:54:15.404] [INFO]: [AutoHiding] Hiding 2/3 items for tag '#c:nuggets/uranium' -> [mekanism:nugget_uranium, modern_industrialization:uranium_nugget]
[21:54:15.404] [INFO]: [AutoHiding] Hiding 2/3 items for tag '#c:dusts/tin' -> [mekanism:dust_tin, enderio:powdered_tin]
[21:54:15.404] [INFO]: [AutoHiding] Hiding 1/2 items for tag '#c:rods/steel' -> [modern_industrialization:steel_rod]
[21:54:15.404] [INFO]: [AutoHiding] Hiding 2/3 items for tag '#c:dusts/lead' -> [mekanism:dust_lead, modern_industrialization:lead_dust]
[21:54:15.976] [INFO]: Loading config 'duplicates.json'.
[21:54:15.977] [INFO]: Recipe count: 27913
[21:54:16.042] [INFO]: 25145 out of 27913 recipes were loaded for unification.
[21:54:16.454] [INFO]: Recipe count afterwards: 27673 (done in 477.4 ms)
[21:54:17.367] [ERROR]: The following recipes were unified and threw exceptions when being loaded: [createoritechcompat:mixing/steel_ingot, createoritechcompat:splashing/crushed_raw_nickel, createoritechcompat:mixing/biosteel_ingot, createoritechcompat:splashing/crushed_raw_uranium, createoritechcompat:mixing/electrum_ingot, createoritechcompat:splashing/crushed_raw_planitnum]
[21:54:17.367] [WARN]: Try to add them to the ignore list and if the problem is gone, report it to the Almost Unified developers.
